16
19
21
22
25
26
29
31
31
32
33
35
38
40
43
46
48
